AR func1 design C:/Users/kaskkmar/Documents/IT6pe/Digiloogika/ALU/func_1.vhdl sub00/vhpl01 1481716718
EN func1 NULL C:/Users/kaskkmar/Documents/IT6pe/Digiloogika/ALU/func_1.vhdl sub00/vhpl00 1481716717
EN func2 NULL C:/Users/kaskkmar/Documents/IT6pe/Digiloogika/ALU/func_2.vhdl sub00/vhpl02 1481716719
EN func3 NULL C:/Users/kaskkmar/Documents/IT6pe/Digiloogika/ALU/func_3.vhdl sub00/vhpl04 1481716721
EN func4 NULL C:/Users/kaskkmar/Documents/IT6pe/Digiloogika/ALU/func_4.vhdl sub00/vhpl06 1481716723
AR func4 design C:/Users/kaskkmar/Documents/IT6pe/Digiloogika/ALU/func_4.vhdl sub00/vhpl07 1481716724
AR func3 design C:/Users/kaskkmar/Documents/IT6pe/Digiloogika/ALU/func_3.vhdl sub00/vhpl05 1481716722
EN mux NULL C:/Users/kaskkmar/Documents/IT6pe/Digiloogika/ALU/mux.vhdl sub00/vhpl08 1481716725
AR alu toplevel C:/Users/kaskkmar/Documents/IT6pe/Digiloogika/ALU/toplevel.vhdl sub00/vhpl11 1481716728
AR mux rtl C:/Users/kaskkmar/Documents/IT6pe/Digiloogika/ALU/mux.vhdl sub00/vhpl09 1481716726
AR func2 design C:/Users/kaskkmar/Documents/IT6pe/Digiloogika/ALU/func_2.vhdl sub00/vhpl03 1481716720
EN alu NULL C:/Users/kaskkmar/Documents/IT6pe/Digiloogika/ALU/toplevel.vhdl sub00/vhpl10 1481716727
