V3 23
FL C:/Users/kaskkmar/Documents/IT6pe/Digiloogika/ALU/func_1.vhdl 2016/12/13.12:27:27 P.20131013
EN work/func1 1481716717 \
      FL C:/Users/kaskkmar/Documents/IT6pe/Digiloogika/ALU/func_1.vhdl \
      PB ieee/std_logic_1164 1381692176 PB ieee/std_logic_arith 1381692177
AR work/func1/design 1481716718 \
      FL C:/Users/kaskkmar/Documents/IT6pe/Digiloogika/ALU/func_1.vhdl \
      EN work/func1 1481716717
FL C:/Users/kaskkmar/Documents/IT6pe/Digiloogika/ALU/func_2.vhdl 2016/12/14.09:45:39 P.20131013
EN work/func2 1481716719 \
      FL C:/Users/kaskkmar/Documents/IT6pe/Digiloogika/ALU/func_2.vhdl \
      PB ieee/std_logic_1164 1381692176 PB ieee/NUMERIC_STD 1381692181
AR work/func2/design 1481716720 \
      FL C:/Users/kaskkmar/Documents/IT6pe/Digiloogika/ALU/func_2.vhdl \
      EN work/func2 1481716719
FL C:/Users/kaskkmar/Documents/IT6pe/Digiloogika/ALU/func_3.vhdl 2016/12/14.13:58:30 P.20131013
EN work/func3 1481716721 \
      FL C:/Users/kaskkmar/Documents/IT6pe/Digiloogika/ALU/func_3.vhdl \
      PB ieee/std_logic_1164 1381692176 PB ieee/NUMERIC_STD 1381692181
AR work/func3/design 1481716722 \
      FL C:/Users/kaskkmar/Documents/IT6pe/Digiloogika/ALU/func_3.vhdl \
      EN work/func3 1481716721
FL C:/Users/kaskkmar/Documents/IT6pe/Digiloogika/ALU/func_4.vhdl 2016/12/13.12:27:50 P.20131013
EN work/func4 1481716723 \
      FL C:/Users/kaskkmar/Documents/IT6pe/Digiloogika/ALU/func_4.vhdl \
      PB ieee/std_logic_1164 1381692176
AR work/func4/design 1481716724 \
      FL C:/Users/kaskkmar/Documents/IT6pe/Digiloogika/ALU/func_4.vhdl \
      EN work/func4 1481716723
FL C:/Users/kaskkmar/Documents/IT6pe/Digiloogika/ALU/mux.vhdl 2016/12/14.08:56:30 P.20131013
EN work/Mux 1481716725 \
      FL C:/Users/kaskkmar/Documents/IT6pe/Digiloogika/ALU/mux.vhdl \
      PB ieee/std_logic_1164 1381692176
AR work/Mux/RTL 1481716726 \
      FL C:/Users/kaskkmar/Documents/IT6pe/Digiloogika/ALU/mux.vhdl EN work/Mux 1481716725
FL C:/Users/kaskkmar/Documents/IT6pe/Digiloogika/ALU/toplevel.vhdl 2016/12/14.08:52:54 P.20131013
EN work/ALU 1481716727 \
      FL C:/Users/kaskkmar/Documents/IT6pe/Digiloogika/ALU/toplevel.vhdl \
      PB ieee/std_logic_1164 1381692176
AR work/ALU/toplevel 1481716728 \
      FL C:/Users/kaskkmar/Documents/IT6pe/Digiloogika/ALU/toplevel.vhdl \
      EN work/ALU 1481716727 CP func1 CP func2 CP func3 CP func4 CP mux
